<html>
<body>
<pre>
<h1>µVision Build Log</h1>
<h2>Project:</h2>
D:\220905526\lab9\p9.uvproj
Project File Date:  03/12/2024

<h2>Output:</h2>
Build target 'Target 1'
compiling q1.c...
linking...
Program Size: Code=2148 RO-data=236 RW-data=88 ZI-data=608  
FromELF: creating hex file...
".\p9.axf" - 0 Error(s), 0 Warning(s).
</pre>
</body>
</html>
- 0 Error(s), 0 Warning(s).
, 2 errors
".\p9.axf" - 2 Error(s), 0 Warning(s).
Target not created
rs
".\p9.axf" - 2 Error(s), 0 Warning(s).
Target not created
line
  }//end scan
q1.c: 1 warning, 0 errors
"q1.c" - 0 Error(s), 1 Warning(s).
1.c...
lcd.h(119): warning:  #1-D: last line of file ends without a newline
  */
q1.c: 1 warning, 0 errors
"q1.c" - 0 Error(s), 1 Warning(s).
