<html>
<body>
<pre>
<h1>µVision Build Log</h1>
<h2>Project:</h2>
D:\220905526\lab6\p6.uvproj
Project File Date:  02/20/2024

<h2>Output:</h2>
Rebuild target 'Target 1'
assembling startup_LPC17xx.s...
compiling system_LPC17xx.c...
compiling q3.c...
linking...
Program Size: Code=1340 RO-data=244 RW-data=16 ZI-data=608  
FromELF: creating hex file...
".\p6.axf" - 0 Error(s), 0 Warning(s).
compiling q3.c...
"q3.c" - 0 Error(s), 0 Warning(s).
</pre>
</body>
</html>
st line of file ends without a newline
  }
q2.c: 1 warning, 0 errors
"q2.c" - 0 Error(s), 1 Warning(s).
y not appear after executable statement in block
                        LED <<= 1; Shift the LED to the left by one unit
q1.c(18): error:  #20: identifier "Shift" is undefined
                        LED <<= 1; Shift the LED to the left by one unit
q1.c(18): error:  #65: expected a ";"
                        LED <<= 1; Shift the LED to the left by one unit
q1.c: 0 warnings, 6 errors
".\p6.axf" - 6 Error(s), 0 Warning(s).
Target not created
