ARM Linker, 5.03 [Build 76] [MDK-ARM Lite]

==============================================================================

Section Cross References

    q3.o(RESET) refers to q3.o(mycode) for Reset_Handler
    q3.o(mycode) refers to q3.o(mydata) for SRC
    q3.o(mycode) refers to q3.o(mydata1) for DST


==============================================================================

Image Symbol Table

    Local Symbols

    Symbol Name                              Value     Ov Type        Size  Object(Section)

    RESET                                    0x00000000   Section        8  q3.o(RESET)
    q3.s                                     0x00000000   Number         0  q3.o ABSOLUTE
    mycode                                   0x00000008   Section       40  q3.o(mycode)
    mydata                                   0x10000000   Section       40  q3.o(mydata)
    SRC                                      0x10000000   Data          40  q3.o(mydata)
    mydata1                                  0x10000028   Section        4  q3.o(mydata1)
    DST                                      0x10000028   Data           4  q3.o(mydata1)

    Global Symbols

    Symbol Name                              Value     Ov Type        Size  Object(Section)

    BuildAttributes$$THM_ISAv4$P$D$K$B$S$PE$A:L22UL41UL21$X:L11$S22US41US21$IEEE1$IW$USESV6$~STKCKD$USESV7$~SHL$OSPACE$EBA8$STANDARDLIB$PRES8$EABIv2 0x00000000   Number         0  anon$$obj.o ABSOLUTE
    __Vectors                                0x00000000   Data           0  q3.o(RESET)
    Reset_Handler                            0x00000009   Thumb Code     0  q3.o(mycode)



==============================================================================

Memory Map of the image

  Image Entry point : 0x00000009

  Load Region LR_1 (Base: 0x00000000, Size: 0x0000005c, Max: 0xffffffff, ABSOLUTE)

    Execution Region ER_RO (Base: 0x00000000, Size: 0x00000030, Max: 0xffffffff, ABSOLUTE)

    Base Addr    Size         Type   Attr      Idx    E Section Name        Object

    0x00000000   0x00000008   Data   RO            1    RESET               q3.o
    0x00000008   0x00000028   Code   RO            2  * mycode              q3.o


    Execution Region ER_RW (Base: 0x10000000, Size: 0x0000002c, Max: 0xffffffff, ABSOLUTE)

    Base Addr    Size         Type   Attr      Idx    E Section Name        Object

    0x10000000   0x00000028   Data   RW            3    mydata              q3.o
    0x10000028   0x00000004   Data   RW            4    mydata1             q3.o


    Execution Region ER_ZI (Base: 0x1000002c, Size: 0x00000000, Max: 0xffffffff, ABSOLUTE)

    **** No section assigned to this execution region ****


==============================================================================

Image component sizes


      Code (inc. data)   RO Data    RW Data    ZI Data      Debug   Object Name

        40         10          8         44          0        176   q3.o

    ----------------------------------------------------------------------
        40         10          8         44          0        176   Object Totals
         0          0          0          0          0          0   (incl. Generated)
         0          0          0          0          0          0   (incl. Padding)

    ----------------------------------------------------------------------
         0          0          0          0          0          0   Library Totals
         0          0          0          0          0          0   (incl. Padding)

    ----------------------------------------------------------------------

==============================================================================


      Code (inc. data)   RO Data    RW Data    ZI Data      Debug   

        40         10          8         44          0        176   Grand Totals
        40         10          8         44          0        176   ELF Image Totals
        40         10          8         44          0          0   ROM Totals

==============================================================================

    Total RO  Size (Code + RO Data)                   48 (   0.05kB)
    Total RW  Size (RW Data + ZI Data)                44 (   0.04kB)
    Total ROM Size (Code + RO Data + RW Data)         92 (   0.09kB)

==============================================================================

