<html>
<body>
<pre>
<h1>µVision Build Log</h1>
<h2>Project:</h2>
D:\220905526\lab8\p8.uvproj
Project File Date:  03/05/2024

<h2>Output:</h2>
Build target 'Target 1'
compiling q1.c...
linking...
Program Size: Code=1808 RO-data=236 RW-data=8 ZI-data=840  
FromELF: creating hex file...
".\p8.axf" - 0 Error(s), 0 Warning(s).
compiling q1.c...
"q1.c" - 0 Error(s), 0 Warning(s).
</pre>
</body>
</html>
- 0 Error(s), 0 Warning(s).
       lcd_puts(&Msg2[0]);
q1.c(104): error:  #268: declaration may not appear after executable statement in block
                        char t=(char)(x+30);
q1.c: 2 warnings, 1 error
".\p8.axf" - 1 Error(s), 2 Warning(s).
Target not created
t in block
                        char t=(char)(x+30);
q1.c: 0 warnings, 5 errors
".\p8.axf" - 5 Error(s), 0 Warning(s).
Target not created
9: declaration is incompatible with previous "write" (declared at line 30)
  void write(int temp2, int type) //write to command/data reg
q1.c(40): warning:  #223-D: function "clear_ports" declared implicitly
        clear_ports();
q1.c(47): warning:  #223-D: function "delay_lcd" declared implicitly
        delay_lcd(25);
q1.c(51): error:  #159: declaration is incompatible with previous "delay_lcd" (declared at line 10)
  void delay_lcd(unsigned int r1){
q1.c(56): error:  #159: declaration is incompatible with previous "clear_ports" (declared at line 9)
  void clear_ports(void)
q1.c(98): warning:  #1-D: last line of file ends without a newline
  }
q1.c: 8 warnings, 4 errors
".\p8.axf" - 4 Error(s), 8 Warning(s).
Target not created
